<html>
<body>
<pre>
<h1>µVision Build Log</h1>
<h2>Tool Versions:</h2>
IDE-Version: •ÏVision V5.26.2.0
Copyright (C) 2018 ARM Ltd and ARM Germany GmbH. All rights reserved.
License Information: ZY ZY, ZY, LIC=----
 
Tool Versions:
Toolchain:       MDK-Lite  Version: 5.26.2.0
Toolchain Path:  C:\Keil_v5\ARM\ARMCC\Bin
C Compiler:      Armcc.exe V5.06 update 6 (build 750)
Assembler:       Armasm.exe V5.06 update 6 (build 750)
Linker/Locator:  ArmLink.exe V5.06 update 6 (build 750)
Library Manager: ArmAr.exe V5.06 update 6 (build 750)
Hex Converter:   FromElf.exe V5.06 update 6 (build 750)
CPU DLL:         SARM.DLL V5.26.2.0
Dialog DLL:      DARMP.DLL V1.53.0.0 
<h2>Project:</h2>
F:\KeilCode\[Ver.2] CNN_inference_in_C_with_ARM_Assembly\pj1.uvproj
Project File Date:  05/21/2023

<h2>Output:</h2>
*** Using Compiler 'V5.06 update 6 (build 750)', folder: 'C:\Keil_v5\ARM\ARMCC\Bin'
Rebuild target 'Target 1'
assembling make_gray.s...
compiling func4_5.c...
assembling relu_active.s...
assembling fixed32_to_uchar.s...
compiling func2_3.c...
assembling uchar_to_fixed32.s...
assembling conv_mul.s...
compiling func1.c...
compiling func6.c...
compiling cnn.c...
linking...
Program Size: Code=2740 RO-data=32 RW-data=36 ZI-data=1164  
".\Objects\pj1.axf" - 0 Error(s), 0 Warning(s).
Build Time Elapsed:  00:00:00
</pre>
</body>
</html>
